// Jest Snapshot v1, https://goo.gl/fbAQLP

exports[`<SignInForm/> renders correctly 1`] = `
<div
  className="SignInForm"
>
  <form
    className="box"
    onSubmit={[Function]}
  >
    <div
      className="alert "
    />
    <h1>
      Login
    </h1>
    <input
      autoComplete="off"
      className="txtb"
      id="username"
      name="username"
      placeholder="Username"
      required={true}
      type="text"
    />
    <input
      className="txtb"
      id="password"
      name="password"
      placeholder="Password"
      required={true}
      type="password"
    />
    <input
      className="signin-btn"
      type="submit"
      value="Sign In"
    />
    <a
      className="haventAccYet"
      href="/signUp"
      onClick={[Function]}
    >
      Donâ€™t have an account ?
    </a>
  </form>
</div>
`;
