// Jest Snapshot v1, https://goo.gl/fbAQLP

exports[`<WeatherBar /> renders properly 1`] = `
<div
  className="weatherbar"
  id="scroll-target"
>
  <h2>
    No Weather data available for 
    2019-11-05
  </h2>
</div>
`;
